// Jest Snapshot v1, https://goo.gl/fbAQLP

exports[`Display component renders Display 1`] = `
<Fragment>
  <h1>
    hunter
  </h1>
  <p>
    Followers: 
    1
     / Following: 
    2
  </p>
  <a
    href="www.github.com/hunterdanielson"
  >
    Profile Link
  </a>
</Fragment>
`;
